// Jest Snapshot v1, https://goo.gl/fbAQLP

exports[`renders correctly 1`] = `
<nav
  className="header navbar navbar-expand navbar-light bg-dark fixed-top"
  data-bs-theme="light"
>
  <img
    className="election-logo "
    src="vote.svg"
  />
  Election Shield
</nav>
`;
