// Jest Snapshot v1, https://goo.gl/fbAQLP

exports[`renders correctly 1`] = `
<form
  className="voter-details-form"
>
  <div
    className="row"
  >
    <div
      className="col"
    >
      <div
        className="mb-3 form-floating"
      >
        <input
          className="form-control form-control-sm"
          id="firstName"
          name="firstName"
          onChange={[Function]}
          placeholder="First Name"
          type="text"
          value="John"
        />
        <div
          className="invalid-feedback"
        />
        <label
          htmlFor="firstName"
        >
          First Name
        </label>
      </div>
    </div>
    <div
      className="col"
    >
      <div
        className="mb-3 form-floating"
      >
        <input
          className="form-control form-control-sm"
          id="lastName"
          name="lastName"
          onChange={[Function]}
          placeholder="Last Name"
          type="text"
          value="Doe"
        />
        <div
          className="invalid-feedback"
        >
          Required
        </div>
        <label
          htmlFor="lastName"
        >
          Last Name
        </label>
      </div>
    </div>
  </div>
  <div
    className="row"
  >
    <div
      className="col"
    >
      <div
        className="mb-3 form-floating"
      >
        <input
          className="form-control form-control-sm"
          id="email"
          name="email"
          onChange={[Function]}
          placeholder="Email"
          type="email"
          value="johndoe@test.com"
        />
        <div
          className="invalid-feedback"
        />
        <label
          htmlFor="email"
        >
          Email
        </label>
      </div>
    </div>
    <div
      className="col"
    >
      <div
        className="mb-3 form-floating"
      >
        <input
          aria-describedby="idHelpBlock"
          className="form-control form-control-sm"
          id="identity_id"
          name="identity_id"
          onChange={[Function]}
          placeholder="Identity Id"
          type="string"
          value="1234567"
        />
        <div
          className="invalid-feedback"
        />
        <label
          htmlFor="identity_id"
        >
          Identity Id
        </label>
      </div>
    </div>
  </div>
</form>
`;
